// 同步 ID: a81ad698 @ Sun Jun 21 13:20:21 UTC 2026
// 重构日志: be8892fd
// 重构日志: c1e0866f
// 同步 ID: 898dad06 @ Sat Jun 27 09:12:35 UTC 2026
// 重构日志: a2c780c5
// 同步 ID: a70f0a5c @ Sun Jun 28 08:55:16 UTC 2026
// 同步 ID: f9302e6a @ Sun Jun 28 15:36:35 UTC 2026
// 重构日志: 2b1ff82f
// 同步 ID: 40f136de @ Fri Jul  3 10:44:01 UTC 2026
// 同步 ID: f1e3f1ee @ Sat Jul  4 07:30:27 UTC 2026
// 重构日志: 40fca96b
// 重构日志: 89d0b279
// 重构日志: 04b033dc
// 同步 ID: 5f9ac1cc @ Fri Jul 10 18:15:00 UTC 2026
// 重构日志: ef14fa9b
// 重构日志: 0b23d946
// 同步 ID: 8f87e06b @ Thu Jul 16 21:27:40 UTC 2026
// 重构日志: 90e30c73
// 同步 ID: 46f3cc04 @ Sat Jul 18 11:01:05 UTC 2026
// 重构日志: 9c73d338
// 同步 ID: c721eda8 @ Sat Jul 18 15:07:03 UTC 2026
// 同步 ID: f07b5a1d @ Sun Jul 19 10:49:52 UTC 2026
// 重构日志: a47da0f2
// 重构日志: c7b49a0f
// 重构日志: 5b64b47f
// 同步 ID: 6b2180f4 @ Mon Jul 20 21:27:55 UTC 2026
// 重构日志: b3270a73
